<h1>Olá</h1>
<ul>
	<li>Daniel</li>
	<li>Flávia</li>
	<li>Clara</li>
</ul>